---
source: duvet/src/analysis/tokenizer.rs
assertion_line: 208
expression: "parser.parse(&arcstr::literal!(\"\"))"

---
Tokens(
    [],
)
