---
source: duvet/src/citation/tree.rs
assertion_line: 407
expression: "parse(\"ANY(ALL(citation test) exception)\")"

---
Ok(
    Any(
        [
            All(
                [
                    Type(
                        Type(
                            0,
                        ),
                    ),
                    Type(
                        Type(
                            2,
                        ),
                    ),
                ],
            ),
            Type(
                Type(
                    1,
                ),
            ),
        ],
    ),
)
