---
source: duvet/src/citation/rangemap.rs
assertion_line: 229
expression: "map([(0..4, 0)])"

---
[
    (
        0..4,
        [
            0,
        ],
    ),
]
